Copyright 1986-2022 Xilinx, Inc. All Rights Reserved. Copyright 2022-2023 Advanced Micro Devices, Inc. All Rights Reserved.
---------------------------------------------------------------------------------------------------------------------------------------------
| Tool Version : Vivado v.2023.1 (win64) Build 3865809 Sun May  7 15:05:29 MDT 2023
| Date         : Tue Jun  9 11:40:32 2026
| Host         : TopLaptop running 64-bit major release  (build 9200)
| Command      : report_utilization -file cosmic_top_utilization_synth.rpt -pb cosmic_top_utilization_synth.pb
| Design       : cosmic_top
| Device       : xc7s25csga324-1
| Speed File   : -1
| Design State : Synthesized
---------------------------------------------------------------------------------------------------------------------------------------------

Utilization Design Information

Table of Contents
-----------------
1. Slice Logic
1.1 Summary of Registers by Type
2. Memory
3. DSP
4. IO and GT Specific
5. Clocking
6. Specific Feature
7. Primitives
8. Black Boxes
9. Instantiated Netlists

1. Slice Logic
--------------

+----------------------------+------+-------+------------+-----------+-------+
|          Site Type         | Used | Fixed | Prohibited | Available | Util% |
+----------------------------+------+-------+------------+-----------+-------+
| Slice LUTs*                | 6617 |     0 |          0 |     14600 | 45.32 |
|   LUT as Logic             | 5886 |     0 |          0 |     14600 | 40.32 |
|   LUT as Memory            |  731 |     0 |          0 |      5000 | 14.62 |
|     LUT as Distributed RAM |  460 |     0 |            |           |       |
|     LUT as Shift Register  |  271 |     0 |            |           |       |
| Slice Registers            | 6543 |     2 |          0 |     29200 | 22.41 |
|   Register as Flip Flop    | 6533 |     2 |          0 |     29200 | 22.37 |
|   Register as Latch        |    0 |     0 |          0 |     29200 |  0.00 |
|   Register as AND/OR       |   10 |     0 |          0 |     29200 |  0.03 |
| F7 Muxes                   |   64 |     0 |          0 |      7300 |  0.88 |
| F8 Muxes                   |    0 |     0 |          0 |      3650 |  0.00 |
+----------------------------+------+-------+------------+-----------+-------+
* Warning! The Final LUT count, after physical optimizations and full implementation, is typically lower. Run opt_design after synthesis, if not already completed, for a more realistic count.
Warning! LUT value is adjusted to account for LUT combining.


1.1 Summary of Registers by Type
--------------------------------

+-------+--------------+-------------+--------------+
| Total | Clock Enable | Synchronous | Asynchronous |
+-------+--------------+-------------+--------------+
| 10    |            _ |           - |            - |
| 0     |            _ |           - |          Set |
| 0     |            _ |           - |        Reset |
| 0     |            _ |         Set |            - |
| 0     |            _ |       Reset |            - |
| 0     |          Yes |           - |            - |
| 72    |          Yes |           - |          Set |
| 44    |          Yes |           - |        Reset |
| 184   |          Yes |         Set |            - |
| 6233  |          Yes |       Reset |            - |
+-------+--------------+-------------+--------------+


2. Memory
---------

+-------------------+------+-------+------------+-----------+-------+
|     Site Type     | Used | Fixed | Prohibited | Available | Util% |
+-------------------+------+-------+------------+-----------+-------+
| Block RAM Tile    |  4.5 |     0 |          0 |        45 | 10.00 |
|   RAMB36/FIFO*    |    4 |     0 |          0 |        45 |  8.89 |
|     RAMB36E1 only |    4 |       |            |           |       |
|   RAMB18          |    1 |     0 |          0 |        90 |  1.11 |
|     RAMB18E1 only |    1 |       |            |           |       |
+-------------------+------+-------+------------+-----------+-------+
* Note: Each Block RAM Tile only has one FIFO logic available and therefore can accommodate only one FIFO36E1 or one FIFO18E1. However, if a FIFO18E1 occupies a Block RAM Tile, that tile can still accommodate a RAMB18E1


3. DSP
------

+----------------+------+-------+------------+-----------+-------+
|    Site Type   | Used | Fixed | Prohibited | Available | Util% |
+----------------+------+-------+------------+-----------+-------+
| DSPs           |    1 |     0 |          0 |        80 |  1.25 |
|   DSP48E1 only |    1 |       |            |           |       |
+----------------+------+-------+------------+-----------+-------+


4. IO and GT Specific
---------------------

+-----------------------------+------+-------+------------+-----------+-------+
|          Site Type          | Used | Fixed | Prohibited | Available | Util% |
+-----------------------------+------+-------+------------+-----------+-------+
| Bonded IOB                  |   53 |     0 |          0 |       150 | 35.33 |
| Bonded IPADs                |    0 |     0 |          0 |         2 |  0.00 |
| PHY_CONTROL                 |    1 |     0 |          0 |         3 | 33.33 |
| PHASER_REF                  |    1 |     0 |          0 |         3 | 33.33 |
| OUT_FIFO                    |    4 |     0 |          0 |        12 | 33.33 |
| IN_FIFO                     |    2 |     0 |          0 |        12 | 16.67 |
| IDELAYCTRL                  |    1 |     0 |          0 |         3 | 33.33 |
| IBUFDS                      |    0 |     0 |          0 |       144 |  0.00 |
| PHASER_OUT/PHASER_OUT_PHY   |    4 |     0 |          0 |        12 | 33.33 |
|   PHASER_OUT_PHY only       |    4 |     0 |            |           |       |
| PHASER_IN/PHASER_IN_PHY     |    2 |     0 |          0 |        12 | 16.67 |
|   PHASER_IN_PHY only        |    2 |     0 |            |           |       |
| IDELAYE2/IDELAYE2_FINEDELAY |   16 |     0 |          0 |       150 | 10.67 |
|   IDELAYE2 only             |   16 |     0 |            |           |       |
| ILOGIC                      |   16 |     0 |          0 |       150 | 10.67 |
|   ISERDES                   |   16 |       |          0 |       150 |       |
| OLOGIC                      |   48 |     0 |          0 |       150 | 32.00 |
|   OSERDES                   |   43 |       |          0 |       150 |       |
|   ODDR                      |    5 |       |            |           |       |
+-----------------------------+------+-------+------------+-----------+-------+


5. Clocking
-----------

+------------+------+-------+------------+-----------+-------+
|  Site Type | Used | Fixed | Prohibited | Available | Util% |
+------------+------+-------+------------+-----------+-------+
| BUFGCTRL   |    7 |     0 |          0 |        32 | 21.88 |
| BUFIO      |    0 |     0 |          0 |        12 |  0.00 |
| MMCME2_ADV |    2 |     0 |          0 |         3 | 66.67 |
| PLLE2_ADV  |    1 |     0 |          0 |         3 | 33.33 |
| BUFMRCE    |    0 |     0 |          0 |         6 |  0.00 |
| BUFHCE     |    1 |     0 |          0 |        48 |  2.08 |
| BUFR       |    0 |     0 |          0 |        12 |  0.00 |
+------------+------+-------+------------+-----------+-------+


6. Specific Feature
-------------------

+-------------+------+-------+------------+-----------+--------+
|  Site Type  | Used | Fixed | Prohibited | Available |  Util% |
+-------------+------+-------+------------+-----------+--------+
| BSCANE2     |    0 |     0 |          0 |         4 |   0.00 |
| CAPTUREE2   |    0 |     0 |          0 |         1 |   0.00 |
| DNA_PORT    |    0 |     0 |          0 |         1 |   0.00 |
| EFUSE_USR   |    0 |     0 |          0 |         1 |   0.00 |
| FRAME_ECCE2 |    0 |     0 |          0 |         1 |   0.00 |
| ICAPE2      |    0 |     0 |          0 |         2 |   0.00 |
| STARTUPE2   |    0 |     0 |          0 |         1 |   0.00 |
| XADC        |    1 |     0 |          0 |         1 | 100.00 |
+-------------+------+-------+------------+-----------+--------+


7. Primitives
-------------

+--------------------------+------+---------------------+
|         Ref Name         | Used | Functional Category |
+--------------------------+------+---------------------+
| FDRE                     | 6233 |        Flop & Latch |
| LUT6                     | 2188 |                 LUT |
| LUT5                     | 1411 |                 LUT |
| LUT3                     | 1338 |                 LUT |
| LUT4                     | 1256 |                 LUT |
| LUT2                     |  750 |                 LUT |
| RAMD32                   |  688 |  Distributed Memory |
| LUT1                     |  374 |                 LUT |
| SRLC32E                  |  255 |  Distributed Memory |
| CARRY4                   |  249 |          CarryLogic |
| RAMS32                   |  228 |  Distributed Memory |
| FDSE                     |  184 |        Flop & Latch |
| FDPE                     |   72 |        Flop & Latch |
| MUXF7                    |   64 |               MuxFx |
| FDCE                     |   44 |        Flop & Latch |
| OSERDESE2                |   43 |                  IO |
| OBUF                     |   27 |                  IO |
| OBUFT                    |   18 |                  IO |
| SRL16E                   |   16 |  Distributed Memory |
| ISERDESE2                |   16 |                  IO |
| IDELAYE2                 |   16 |                  IO |
| IBUF_INTERMDISABLE       |   16 |                  IO |
| AND2B1L                  |    8 |              Others |
| BUFG                     |    7 |               Clock |
| ODDR                     |    5 |                  IO |
| RAMB36E1                 |    4 |        Block Memory |
| PHASER_OUT_PHY           |    4 |                  IO |
| OUT_FIFO                 |    4 |                  IO |
| OBUFTDS                  |    4 |                  IO |
| IBUFDS_INTERMDISABLE_INT |    4 |                  IO |
| INV                      |    3 |                 LUT |
| PHASER_IN_PHY            |    2 |                  IO |
| OR2L                     |    2 |              Others |
| OBUFDS                   |    2 |                  IO |
| MMCME2_ADV               |    2 |               Clock |
| IN_FIFO                  |    2 |                  IO |
| IBUF                     |    2 |                  IO |
| XADC                     |    1 |              Others |
| RAMB18E1                 |    1 |        Block Memory |
| PLLE2_ADV                |    1 |               Clock |
| PHY_CONTROL              |    1 |                  IO |
| PHASER_REF               |    1 |                  IO |
| IDELAYCTRL               |    1 |                  IO |
| DSP48E1                  |    1 |    Block Arithmetic |
| BUFH                     |    1 |               Clock |
+--------------------------+------+---------------------+


8. Black Boxes
--------------

+------------+------+
|  Ref Name  | Used |
+------------+------+
| dbg_hub_CV |    1 |
+------------+------+


9. Instantiated Netlists
------------------------

+----------+------+
| Ref Name | Used |
+----------+------+


